e:\repos\space-invaders-opengl\spaceinvaders\spaceinvaders\x64\debug\vc143.pdb
e:\repos\space-invaders-opengl\spaceinvaders\spaceinvaders\x64\debug\vc143.idb
d:\projetos\space-invaders-opengl\spaceinvaders\spaceinvaders\x64\debug\vc143.pdb
d:\projetos\space-invaders-opengl\spaceinvaders\spaceinvaders\x64\debug\vc143.idb
d:\projetos\space-invaders-opengl\spaceinvaders\spaceinvaders\x64\debug\texture2d.obj
d:\projetos\space-invaders-opengl\spaceinvaders\spaceinvaders\x64\debug\textrenderer.obj
d:\projetos\space-invaders-opengl\spaceinvaders\spaceinvaders\x64\debug\spriterenderer.obj
d:\projetos\space-invaders-opengl\spaceinvaders\spaceinvaders\x64\debug\spaceinvaders.obj
d:\projetos\space-invaders-opengl\spaceinvaders\spaceinvaders\x64\debug\shader.obj
d:\projetos\space-invaders-opengl\spaceinvaders\spaceinvaders\x64\debug\resourcemanager.obj
d:\projetos\space-invaders-opengl\spaceinvaders\spaceinvaders\x64\debug\inputprocessor.obj
d:\projetos\space-invaders-opengl\spaceinvaders\spaceinvaders\x64\debug\player.obj
d:\projetos\space-invaders-opengl\spaceinvaders\spaceinvaders\x64\debug\particlegenerator.obj
d:\projetos\space-invaders-opengl\spaceinvaders\spaceinvaders\x64\debug\main.obj
d:\projetos\space-invaders-opengl\spaceinvaders\spaceinvaders\x64\debug\actor.obj
d:\projetos\space-invaders-opengl\spaceinvaders\spaceinvaders\x64\debug\gamelevel.obj
d:\projetos\space-invaders-opengl\spaceinvaders\spaceinvaders\x64\debug\game.obj
d:\projetos\space-invaders-opengl\spaceinvaders\spaceinvaders\x64\debug\bulletsmanager.obj
d:\projetos\space-invaders-opengl\spaceinvaders\spaceinvaders\x64\debug\bullet.obj
d:\projetos\space-invaders-opengl\spaceinvaders\spaceinvaders\x64\debug\ballobject.obj
d:\projetos\space-invaders-opengl\spaceinvaders\spaceinvaders\x64\debug\aliensmanager.obj
d:\projetos\space-invaders-opengl\spaceinvaders\spaceinvaders\x64\debug\manager.obj
d:\projetos\space-invaders-opengl\spaceinvaders\spaceinvaders\x64\debug\servicelocator.obj
d:\projetos\space-invaders-opengl\spaceinvaders\spaceinvaders\x64\debug\alien.obj
d:\projetos\space-invaders-opengl\spaceinvaders\spaceinvaders\x64\debug\stb_image.obj
d:\projetos\space-invaders-opengl\spaceinvaders\spaceinvaders\x64\debug\imgui_widgets.obj
d:\projetos\space-invaders-opengl\spaceinvaders\spaceinvaders\x64\debug\imgui_tables.obj
d:\projetos\space-invaders-opengl\spaceinvaders\spaceinvaders\x64\debug\imgui_impl_opengl3.obj
d:\projetos\space-invaders-opengl\spaceinvaders\spaceinvaders\x64\debug\imgui_impl_glfw.obj
d:\projetos\space-invaders-opengl\spaceinvaders\spaceinvaders\x64\debug\imgui_draw.obj
d:\projetos\space-invaders-opengl\spaceinvaders\spaceinvaders\x64\debug\imgui_demo.obj
d:\projetos\space-invaders-opengl\spaceinvaders\spaceinvaders\x64\debug\imgui.obj
d:\projetos\space-invaders-opengl\spaceinvaders\spaceinvaders\x64\debug\glm.obj
d:\projetos\space-invaders-opengl\spaceinvaders\spaceinvaders\x64\debug\transform.obj
d:\projetos\space-invaders-opengl\spaceinvaders\spaceinvaders\x64\debug\animator.obj
d:\projetos\space-invaders-opengl\spaceinvaders\x64\debug\spaceinvaders.exe
d:\projetos\space-invaders-opengl\spaceinvaders\spaceinvaders\x64\debug\spaceinvaders.ilk
d:\projetos\space-invaders-opengl\spaceinvaders\x64\debug\spaceinvaders.pdb
d:\projetos\space-invaders-opengl\spaceinvaders\spaceinvaders\x64\debug\movement.obj
d:\projetos\space-invaders-opengl\spaceinvaders\spaceinvaders\x64\debug\moveright.obj
d:\projetos\space-invaders-opengl\spaceinvaders\spaceinvaders\x64\debug\aliensmanager.obj.enc
d:\projetos\space-invaders-opengl\spaceinvaders\spaceinvaders\x64\debug\spaceinvaders.tlog\cl.command.1.tlog
d:\projetos\space-invaders-opengl\spaceinvaders\spaceinvaders\x64\debug\spaceinvaders.tlog\cl.items.tlog
d:\projetos\space-invaders-opengl\spaceinvaders\spaceinvaders\x64\debug\spaceinvaders.tlog\cl.read.1.tlog
d:\projetos\space-invaders-opengl\spaceinvaders\spaceinvaders\x64\debug\spaceinvaders.tlog\cl.write.1.tlog
d:\projetos\space-invaders-opengl\spaceinvaders\spaceinvaders\x64\debug\spaceinvaders.tlog\link.command.1.tlog
d:\projetos\space-invaders-opengl\spaceinvaders\spaceinvaders\x64\debug\spaceinvaders.tlog\link.read.1.tlog
d:\projetos\space-invaders-opengl\spaceinvaders\spaceinvaders\x64\debug\spaceinvaders.tlog\link.secondary.1.tlog
d:\projetos\space-invaders-opengl\spaceinvaders\spaceinvaders\x64\debug\spaceinvaders.tlog\link.write.1.tlog
